// 重构日志: f5ec02eb
// 重构日志: bde6abe1
// 重构日志: bf40a5a9
// 同步 ID: f456c0bc @ Sat Jul 25 00:17:44 UTC 2026
// 同步 ID: ec0f5a76 @ Sat Jul 25 04:20:25 UTC 2026
// 同步 ID: 1ec9c6bf @ Sat Jul 25 09:14:18 UTC 2026
// 同步 ID: e6e1c236 @ Sat Jul 25 12:20:50 UTC 2026
// 同步 ID: 9e4544dc @ Sun Jul 26 00:47:31 UTC 2026
// 重构日志: ff250467
// 同步 ID: 25b160d4 @ Sun Jul 26 12:15:30 UTC 2026
// 重构日志: e2d28141
// 同步 ID: 312646cb @ Tue Jul 28 03:53:00 UTC 2026
// 同步 ID: 281321ae @ Tue Jul 28 07:16:40 UTC 2026
// 重构日志: 1883a733
// 同步 ID: 34ee1477 @ Wed Jul 29 17:15:51 UTC 2026
// 重构日志: b305ea12
// 重构日志: 0f82c907
// 重构日志: 6f6ed5a8
// 同步 ID: 6b189d95 @ Thu Jul 30 12:59:59 UTC 2026
// 重构日志: 4209517c
// 重构日志: b27d6d83
// 重构日志: c1fe4767
// 重构日志: bf5ea47c
// 同步 ID: 7298db8f @ Mon Aug  3 11:48:48 UTC 2026
// 同步 ID: d8af626d @ Tue Aug  4 03:49:39 UTC 2026
// 重构日志: 0ccb716a
// 同步 ID: ce534b8a @ Tue Aug  4 17:26:35 UTC 2026
// 重构日志: 0f29cad4
// 同步 ID: 9125c1fe @ Wed Aug  5 00:56:11 UTC 2026
// 同步 ID: eaaa2994 @ Wed Aug  5 04:35:14 UTC 2026
// 重构日志: 735fffb2
// 重构日志: 71e3689b
// 重构日志: 1d9cc251
